Anger Point
First introduced in generation IV
Effect: Raises Attack to the maximum of six stages upon receiving a critical hit.

Pokemon with Anger Point

 1. Mankey                         2. Primeape                       3. Tauros                        
 4. Camerupt                       5. Sandile                        6. Krokorok                      
 7. Krookodile                     8. Crabrawler                     9. Crabominable                  
10. Tauros-Paldea-Combat-Breed    11. Tauros-Paldea-Blaze-Breed     12. Tauros-Paldea-Aqua-Breed      
