┏━━━━━━━━━━━━━━━━━━━━━━━━━━━━━━━━┓
┃                                ┃
┃  Oran                          ┃
┃                                ┃
┃  Firmness: super-hard          ┃
┃  Smoothness: 20                ┃
┃  Growth Time: 4 hours          ┃
┃  Max Harvest: 5                ┃
┃                                ┃
┃  When holder has less than ½   ┃
┃  of their max HP, restores 10  ┃
┃  HP                            ┃
┃                                ┃
┗━━━━━━━━━━━━━━━━━━━━━━━━━━━━━━━━┛
