┏━━━━━━━━━━━━━━━━━━━━━━━━━━━━━━━━┓┏━━━━━━━━━━━━━━━━━━━━━━━━━━━━━━━━┓
┃                                ┃┃                                ┃
┃  Aguav                         ┃┃  ▀▀▀▀▀▀▀▀▀▀▀▀▀▀▀▀▀▀▀▀▀▀▀▀▀▀▀▀  ┃
┃                                ┃┃  ▀▀▀▀▀▀▀▀▀▀▀▀▀▀▀▀▀▀▀▀▀▀▀▀▀▀▀▀  ┃
┃  Firmness: super-hard          ┃┃  ▀▀▀▀▀▀▀▀▀▀▀▀▀▀▀▀▀▀▀▀▀▀▀▀▀▀▀▀  ┃
┃  Smoothness: 25                ┃┃  ▀▀▀▀▀▀▀▀▀▀▀▀▀▀▀▀▀▀▀▀▀▀▀▀▀▀▀▀  ┃
┃  Growth Time: 5 hours          ┃┃  ▀▀▀▀▀▀▀▀▀▀▀▀▀▀▀▀▀▀▀▀▀▀▀▀▀▀▀▀  ┃
┃  Max Harvest: 5                ┃┃  ▀▀▀▀▀▀▀▀▀▀▀▀▀▀▀▀▀▀▀▀▀▀▀▀▀▀▀▀  ┃
┃                                ┃┃  ▀▀▀▀▀▀▀▀▀▀▀▀▀▀▀▀▀▀▀▀▀▀▀▀▀▀▀▀  ┃
┃  When holder has less than ¼   ┃┃  ▀▀▀▀▀▀▀▀▀▀▀▀▀▀▀▀▀▀▀▀▀▀▀▀▀▀▀▀  ┃
┃  of their max HP, restores ⅓   ┃┃  ▀▀▀▀▀▀▀▀▀▀▀▀▀▀▀▀▀▀▀▀▀▀▀▀▀▀▀▀  ┃
┃  of max HP, but confuses the   ┃┃  ▀▀▀▀▀▀▀▀▀▀▀▀▀▀▀▀▀▀▀▀▀▀▀▀▀▀▀▀  ┃
┃  holder if it dislikes the     ┃┃  ▀▀▀▀▀▀▀▀▀▀▀▀▀▀▀▀▀▀▀▀▀▀▀▀▀▀▀▀  ┃
┃  bitter flavor                 ┃┃  ▀▀▀▀▀▀▀▀▀▀▀▀▀▀▀▀▀▀▀▀▀▀▀▀▀▀▀▀  ┃
┃                                ┃┃  ▀▀▀▀▀▀▀▀▀▀▀▀▀▀▀▀▀▀▀▀▀▀▀▀▀▀▀▀  ┃
┃                                ┃┃  ▀▀▀▀▀▀▀▀▀▀▀▀▀▀▀▀▀▀▀▀▀▀▀▀▀▀▀▀  ┃
┃                                ┃┃                                ┃
┃                                ┃┃                                ┃
┗━━━━━━━━━━━━━━━━━━━━━━━━━━━━━━━━┛┗━━━━━━━━━━━━━━━━━━━━━━━━━━━━━━━━┛
