┏━━━━━━━━━━━━━━━━━━━━━━━━━━━━━━━━┓
┃                                ┃
┃  Chople                        ┃
┃                                ┃
┃  Firmness: soft                ┃
┃  Smoothness: 30                ┃
┃  Growth Time: 18 hours         ┃
┃  Max Harvest: 5                ┃
┃                                ┃
┃  When holder is hit by a       ┃
┃  supereffective Fighting-type  ┃
┃  move, halves the damage       ┃
┃                                ┃
┗━━━━━━━━━━━━━━━━━━━━━━━━━━━━━━━━┛
