┏━━━━━━━━━━━━━━━━━━━━━━━━━━━━━━━━┓
┃                                ┃
┃  Cheri                         ┃
┃                                ┃
┃  Firmness: soft                ┃
┃  Smoothness: 25                ┃
┃  Growth Time: 3 hours          ┃
┃  Max Harvest: 5                ┃
┃                                ┃
┃  When paralyzed, cures         ┃
┃  paralysis                     ┃
┃                                ┃
┗━━━━━━━━━━━━━━━━━━━━━━━━━━━━━━━━┛
