╭──────────────────────────────────────────────────────────────╮
│Welcome! This tool displays data related to Pokémon!          │
│                                                              │
│ USAGE:                                                       │
│    poke-cli [flag]                                           │
│    poke-cli <command> [flag]                                 │
│    poke-cli <command> <subcommand> [flag]                    │
│                                                              │
│ FLAGS:                                                       │
│    -h, --help      Shows the help menu                       │
│    -l, --latest    Prints the latest version available       │
│    -v, --version   Prints the current version                │
│                                                              │
│ COMMANDS:                                                    │
│    ability         Get details about an ability              │
│    berry           Get details about a berry                 │
│    card            Get details about a TCG card              │
│    item            Get details about an item                 │
│    move            Get details about a move                  │
│    natures         Get details about all natures             │
│    pokemon         Get details about a Pokémon               │
│    search          Search for a resource                     │
│    tcg             Get details about TCG tournaments         │
│    speed           Calculate the speed of a Pokémon in battle│
│    types           Get details about a typing                │
│                                                              │
│ Use a hyphen when typing a name with a space.                │
│ example: poke-cli ability strong-jaw                         │
│ example: poke-cli pokemon flutter-mane                       │
│                                                              │
│ ↓ ctrl/cmd + click for docs/guides                           │
│ ]8;;https://docs.poke-cli.com\docs.poke-cli.com]8;;\                                            │
╰──────────────────────────────────────────────────────────────╯
