┏━━━━━━━━━━━━━━━━━━━━━━━━━━━━━━━━┓
┃                                ┃
┃  Clear Amulet                  ┃
┃  Cost: 30000                   ┃
┃  Category: Held Items          ┃
┃  ---                           ┃
┃  Description:                  ┃
┃  Missing data from API         ┃
┃                                ┃
┗━━━━━━━━━━━━━━━━━━━━━━━━━━━━━━━━┛
