┏━━━━━━━━━━━━━━━━━━━━━━━━━━━━━━━━┓
┃                                ┃
┃  Choice Band                   ┃
┃  Cost: 4000                    ┃
┃  Category: Choice              ┃
┃  ---                           ┃
┃  Description:                  ┃
┃  An item to be held by a       ┃
┃  Pokémon. This curious         ┃
┃  headband boosts Attack but    ┃
┃  only allows the use of        ┃
┃  one move.                     ┃
┃                                ┃
┗━━━━━━━━━━━━━━━━━━━━━━━━━━━━━━━━┛
