┏━━━━━━━━━━━━━━━━━━━━━━━━━━━━━━━━┓
┃                                ┃
┃  Thousand Arrows               ┃
┃                                ┃
┃  Type           |Ground        ┃
┃  Power          |90            ┃
┃  PP             |10            ┃
┃  Accuracy       |100           ┃
┃  Category       |Physical      ┃
┃  Effect Chance  |100%          ┃
┃  Priority       |0             ┃
┃                                ┃
┗━━━━━━━━━━━━━━━━━━━━━━━━━━━━━━━━┛
┏━━━━━━━━━━━━━━━━━━━━━━━━━━━━━━━━┓
┃                                ┃
┃  Effect:                       ┃
┃  This move also hits opposing  ┃
┃  Pokémon that are in           ┃
┃  the air. Those Pokémon are    ┃
┃  knocked down to               ┃
┃  the ground.                   ┃
┃                                ┃
┗━━━━━━━━━━━━━━━━━━━━━━━━━━━━━━━━┛
