┏━━━━━━━━━━━━━━━━━━━━━━━━━━━━━━━━┓
┃                                ┃
┃  Shadow Ball                   ┃
┃                                ┃
┃  Type           |Ghost         ┃
┃  Power          |80            ┃
┃  PP             |15            ┃
┃  Accuracy       |100           ┃
┃  Category       |Special       ┃
┃  Effect Chance  |20%           ┃
┃  Priority       |0             ┃
┃                                ┃
┗━━━━━━━━━━━━━━━━━━━━━━━━━━━━━━━━┛
┏━━━━━━━━━━━━━━━━━━━━━━━━━━━━━━━━┓
┃                                ┃
┃  Effect:                       ┃
┃  The user attacks by hurling   ┃
┃  a shadowy blob at the         ┃
┃  target. This may also lower   ┃
┃  the target’s Sp. Def stat.    ┃
┃                                ┃
┗━━━━━━━━━━━━━━━━━━━━━━━━━━━━━━━━┛
