Natures affect the growth of a Pokémon.
Each nature increases one of its stats by 10% and decreases one by 10%.
Five natures increase and decrease the same stat and therefore have no effect.

Nature Chart:
┌──────────┬─────────┬──────────┬──────────┬──────────┬─────────┐
│          │ -Attack │ -Defense │ -Sp. Atk │ -Sp. Def │ Speed   │
├──────────┼─────────┼──────────┼──────────┼──────────┼─────────┤
│ +Attack  │ Hardy   │ Lonely   │ Adamant  │ Naughty  │ Brave   │
├──────────┼─────────┼──────────┼──────────┼──────────┼─────────┤
│ +Defense │ Bold    │ Docile   │ Impish   │ Lax      │ Relaxed │
├──────────┼─────────┼──────────┼──────────┼──────────┼─────────┤
│ +Sp. Atk │ Modest  │ Mild     │ Bashful  │ Rash     │ Quiet   │
├──────────┼─────────┼──────────┼──────────┼──────────┼─────────┤
│ +Sp. Def │ Calm    │ Gentle   │ Careful  │ Quirky   │ Sassy   │
├──────────┼─────────┼──────────┼──────────┼──────────┼─────────┤
│ Speed    │ Timid   │ Hasty    │ Jolly    │ Naive    │ Serious │
└──────────┴─────────┴──────────┴──────────┴──────────┴─────────┘
