Your selected Pokémon: Dragapult
Apparently the Dreepy inside Dragapult’s horns eagerly
look forward to being launched out at Mach speeds.

                              
    Dragon         Ghost      

• National Pokédex #: 887
• Weight: 50.0kg (110.2 lbs)
• Height: 3.0m (9′10″)
• Evolves from: Drakloak
• Egg Group(s): Amorphous, Dragon
─────────────
Type Defenses
Immune: Fighting, Normal
0.5×    Damage: Bug, Electric, Fire, Grass, Poison, Water
2.0×    Damage: Dark, Dragon, Fairy, Ghost, Ice

