Your selected Pokémon: Toxicroak
It has a poison sac at its throat. When it croaks, the
stored poison is churned for greater potency.

                              
    Poison        Fighting    

• National Pokédex #: 454
• Weight: 44.4kg (97.9 lbs)
• Height: 1.3m (4′03″)
• Evolves from: Croagunk
• Egg Group(s): Humanshape
──────────
Base Stats
HP         ▇▇▇▇▇▇▇▇▇▇▇▇▇▇▇▇▇▇▇▇▇▇▇▇▇▇▇▇▇▇▇▇▇▇▇ 83
Atk        ▇▇▇▇▇▇▇▇▇▇▇▇▇▇▇▇▇▇▇▇▇▇▇▇▇▇▇▇▇▇▇▇▇▇▇▇▇▇▇▇▇▇▇▇▇ 106
Def        ▇▇▇▇▇▇▇▇▇▇▇▇▇▇▇▇▇▇▇▇▇▇▇▇▇▇▇ 65
Sp. Atk    ▇▇▇▇▇▇▇▇▇▇▇▇▇▇▇▇▇▇▇▇▇▇▇▇▇▇▇▇▇▇▇▇▇▇▇▇ 86
Sp. Def    ▇▇▇▇▇▇▇▇▇▇▇▇▇▇▇▇▇▇▇▇▇▇▇▇▇▇▇ 65
Speed      ▇▇▇▇▇▇▇▇▇▇▇▇▇▇▇▇▇▇▇▇▇▇▇▇▇▇▇▇▇▇▇▇▇▇▇▇ 85
Total      490
