Your selected Pokémon: Floatzel
               
    Water      

• National Pokédex #: 419
• Weight: 33.5kg (73.9 lbs)
• Height: 1.1m (3′07″)
─────
Image
╭───────────────────────────╮
│✖ Error!                   │
│Invalid image size.        │
│Valid sizes are: lg, md, sm│
╰───────────────────────────╯
