Your selected Pokémon: Gastrodon
                              
    Water          Ground     

• National Pokédex #: 423
• Weight: 29.9kg (65.9 lbs)
• Height: 0.9m (2′11″)
─────────────
Type Defenses
Immune: Electric
0.5×    Damage: Fire, Poison, Rock, Steel
4.0×    Damage: Grass

Gastrodon, with the Storm Drain ability, grants it immunity to water type moves.
