Your selected Pokémon: Metagross
With four linked brains, it’s more intelligent than a
supercomputer, and it uses calculations to analyze foes.

                              
    Steel         Psychic     

• National Pokédex #: 376
• Weight: 550.0kg (1212.5 lbs)
• Height: 1.6m (5′03″)
• Evolves from: Metang
• Egg Group(s): Mineral
─────────
Abilities
Ability 1: Clear Body
Hidden Ability: Light Metal
