Your selected Pokémon: Floatzel
It floats using its well-developed flotation sac. It assists
in the rescues of drowning people.

               
    Water      

• National Pokédex #: 419
• Weight: 33.5kg (73.9 lbs)
• Height: 1.1m (3′07″)
• Evolves from: Buizel
• Egg Group(s): Field, Water1
─────
Image
╭───────────────────────────╮
│✖ Error!                   │
│Invalid image size.        │
│Valid sizes are: lg, md, sm│
╰───────────────────────────╯
