╭─────────────────────────────────────────────────────────╮
│Calculate the speed of a Pokémon.                        │
│                                                         │
│ USAGE:                                                  │
│    poke-cli speed                                       │
│                                                         │
│ FLAGS:                                                  │
│    -h, --help                     Prints the help menu. │
╰─────────────────────────────────────────────────────────╯