╭─────────────────────────────────────────────────────────╮
│Get details about a specific typing.                     │
│                                                         │
│ USAGE:                                                  │
│    poke-cli types                                       │
│                                                         │
│ FLAGS:                                                  │
│    -h, --help                     Prints the help menu. │
╰─────────────────────────────────────────────────────────╯