╭───────────────────────────────────────────────────────────╮
│Get details about a specific typing.                       │
│                                                           │
│ USAGE:                                                    │
│    poke-cli types [flag]                                  │
│                                                           │
│ FLAGS:                                                    │
│    -h, --help                     Prints out the help menu│
╰───────────────────────────────────────────────────────────╯